

 <GENCASE>  Copyright (c) 2020 by Dr Jose M. Dominguez
 All rights reserved.

 DualSPHysics is an international collaboration between University of Vigo 
 (Spain) and University of Manchester (UK). 

 Redistribution and use in source and binary forms, with or without
 modification, are permitted provided that the following conditions
 are met:
 * Redistributions of source code must retain the above copyright
   notice, this list of conditions and the following disclaimer.
 * Redistributions in binary form must reproduce the above copyright
   notice, this list of conditions and the following disclaimer in the
   documentation and/or other materials provided with the distribution.
 * Neither the name of the DualSPHysics nor the names of its contributors
   may be used to endorse or promote products derived from this software
   without specific prior written permission.

 THIS SOFTWARE IS PROVIDED BY THE COPYRIGHT HOLDERS AND CONTRIBUTORS "AS IS"
 AND ANY EXPRESS OR IMPLIED WARRANTIES, INCLUDING, BUT NOT LIMITED TO, THE
 IMPLIED WARRANTIES OF MERCHANTABILITY AND FITNESS FOR A PARTICULAR PURPOSE
 ARE DISCLAIMED. IN NO EVENT SHALL THE COPYRIGHT OWNER BE LIABLE FOR ANY
 DIRECT, INDIRECT, INCIDENTAL, SPECIAL, EXEMPLARY, OR CONSEQUENTIAL DAMAGES
 (INCLUDING, BUT NOT LIMITED TO, PROCUREMENT OF SUBSTITUTE GOODS OR SERVICES;
 LOSS OF USE, DATA, OR PROFITS; OR BUSINESS INTERRUPTION) HOWEVER CAUSED AND
 ON ANY THEORY OF LIABILITY, WHETHER IN CONTRACT, STRICT LIABILITY, OR TORT
 (INCLUDING NEGLIGENCE OR OTHERWISE) ARISING IN ANY WAY OUT OF THE USE OF
 THIS SOFTWARE, EVEN IF ADVISED OF THE POSSIBILITY OF SUCH DAMAGE. 


GenCase v5.0.222 (16-11-2020) 
===============================
OmpThreads: 8

[LoadXMLInit]
List: MAIN

Total operations: 10
[LoadXMLInit-End  time:0.000s]

[Draw]
List of available variables: Gravity_x=[0]  Gravity_y=[0]  Gravity_z=[-9.81]  Rhop0=[1600]  Dp=[0.0064]  PosMin_x=[-4.4]  PosMin_y=[0]  PosMin_z=[-0.4]  PosMax_x=[3.8]  PosMax_y=[0]  PosMax_z=[2.2]  CaseName=["Case_Def"]  Data2D=[1]  Data2DPosy=[0]  H=[0.00905097]  MassBound=[0.065536]  MassFluid=[0.065536]

Mk size: 1 bytes
Case limits: (-4.4,0,-0.4) - (3.8,0,2.2)
Distance between points (Dp): 0.0064
Case domain: (0,0,0)-(1280,0,405)
Domain points: 1281 x 1 x 406 = 520086
Case parts: 1 x 406z
Memory: 0.00Gb 0.50Mb (520086)

> MAIN
FileShapes> _Dp.vtk  shapes:18  points:46   (time:0.000s)
<MAIN (Operations= 5+5+1 = 11)

Triangles: 68 (0 ignored)
[Draw-End  time:0.002s]

[LoadsXMLConfig]
Execution parameters.
Initials configuration.
Floating bodies configuration.
Properties configuration.
Predefined motion configuration.
[LoadsXMLConfig-End  time:0.000s]

[PreparePoints]
Computing Vtk-Cells data...  (time:0.002s)
BitSizeTot: 21 (1 + 10+1+9)
Points loaded: 25215
Sorting points by Z...
Sorting points by Mk...

List of Points:
Points -> Fixed-Boundary particles:
  block[  0] (mk: 10):   3337  -->    3337
Points -> Fluid particles:
  block[  1] (mk:  1):  21878  -->   21878

Particle summary:
  Fixed....: 3337  id:(0-3336)   MKs:1 (10)
  Moving...: 0
  Floating.: 0
  Fluid....: 21878  id:(3337-25214)   MKs:1 (1)

Total particles: 25215 (bound=3337 (fx=3337 mv=0 ft=0) fluid=21878)
Total MK blocks: 2 (bound=1 (fx=1 mv=0 ft=0) fluid=1)

Maximum depth: 0.2048 (automatic)
Speed of system: 1 (fixed)
Speed of sound: max(coefsound*speedsystem,10*sqrt(g*depth))
Speed of sound: 20 max(20,14.1742)
Speed of sound: 20 (automatic)

Coefh:1.000000 (hdp:1.414214)

[PreparePoints-End  time:0.004s]

[SaveCase2D]
/home/danrong/projects/DualSPHysics_NN_v5.0.1/dualsphysics-maf/runs/run_20260312_060528/out/Case_Def_MkCells.vtk  (time:0.000s, shapes:373, points:1492)
/home/danrong/projects/DualSPHysics_NN_v5.0.1/dualsphysics-maf/runs/run_20260312_060528/out/Case_Def.bi4<double>  (time:0.002s)
/home/danrong/projects/DualSPHysics_NN_v5.0.1/dualsphysics-maf/runs/run_20260312_060528/out/Case_Def_All.vtk  (time: 0.003s)
/home/danrong/projects/DualSPHysics_NN_v5.0.1/dualsphysics-maf/runs/run_20260312_060528/out/Case_Def_Bound.vtk  (time: 0.001s)
/home/danrong/projects/DualSPHysics_NN_v5.0.1/dualsphysics-maf/runs/run_20260312_060528/out/Case_Def_Fluid.vtk  (time: 0.002s)
/home/danrong/projects/DualSPHysics_NN_v5.0.1/dualsphysics-maf/runs/run_20260312_060528/out/Case_Def.xml  (time:0.002s)

Save files time: 0.010s

Particle limits:
  X range: -3.4976 to 3.0112 [m]
  Y range: 0 to 0 [m]
  Z range: -0.2144 to 1.4944 [m]

[SaveCase2D-End  time:0.013s]


Finished execution (code=0).

