

 <DUALSPHYSICS5-NNEWTONIAN> Copyright (c) 2020 by
 Dr Jose M. Dominguez Alonso, Dr Alejandro Crespo,
 Prof. Moncho Gomez Gesteira, Prof. Benedict Rogers,
 Dr Georgios Fourtakas, Prof. Peter Stansby,
 Dr Renato Vacondio, Dr Corrado Altomare, Dr Angelo Tafuni,
 Orlando Garcia Feal, Ivan Martinez Estevez

 EPHYSLAB Environmental Physics Laboratory, Universidade de Vigo
 School of Mechanical, Aerospace and Civil Engineering, University of Manchester

 DualSPHysics is free software: you can redistribute it and/or
 modify it under the terms of the GNU Lesser General Public License
 as published by the Free Software Foundation, either version 2.1 of
 the License, or (at your option) any later version.

 DualSPHysics is distributed in the hope that it will be useful,
 but WITHOUT ANY WARRANTY; without even the implied warranty of
 MERCHANTABILITY or FITNESS FOR A PARTICULAR PURPOSE.  See the
 GNU Lesser General Public License for more details.

 You should have received a copy of the GNU Lesser General Public License
 along with DualSPHysics. If not, see <http://www.gnu.org/licenses/>.


DualSPHysics5-NNewtonian v1.005 (v5.0.164) (21-11-2020)
========================================================
[Select CUDA Device]
[CUDA Capable device(s)]
  Detected 1 CUDA Capable device(s)
  CUDA Driver Version / Runtime Version: 12.8 / 9.2
 
Device 0: "NVIDIA RTX A1000"
  CUDA Capability Major....: 8.6
  Global memory............: 8188 MBytes
  CUDA Cores...............: 0 (18 Multiprocessors,   0 CUDA Cores/MP)
  GPU Max Clock rate.......: 1462 MHz (1.46 GHz)
  Memory Clock rate........: 6001 Mhz
  Memory Bus Width.........: 128-bit
  L2 Cache Size............: 2048 KBytes
  Constant memory..........: 64 KBytes
  Shared memory per block..: 48 KBytes
  Registers per block......: 65536
  Maximum threads per MP...: 1536
  Maximum threads per block: 1024
  Concurrent copy and kernel execution....: Yes with 1 copy engine(s)
  Run time limit on kernels...............: Yes
  Integrated GPU sharing Host Memory......: No
  Support host page-locked memory mapping.: Yes
  Device has ECC support..................: Disabled
  Device supports Unified Addressing (UVA): Yes
  Device PCI (Domain / Bus / location)....: 0 / 1 / 0
  Device supports P2P and RDMA............: Yes
  Device supports P2P from/to GPUs........: 
 
[GPU Hardware]
Device default: 0  "NVIDIA RTX A1000"
Compute capability: 8.6
Memory global: 8187 MB
Memory shared: 49152 Bytes
[Initialising JSphGpuSingle  26-02-2026 17:06:13]
ProgramFile=".../bin/linux/DualSPHysics5.0_NNewtonian_linux64"
ExecutionDir=".../examples/mphase_nnewtonian/DebrisFlow2D"
XmlFile=".../DebrisFlow2D/CaseDebrisFlow2D_out/CaseDebrisFlow2D.xml"
OutputDir=".../mphase_nnewtonian/DebrisFlow2D/CaseDebrisFlow2D_out"
OutputDataDir=".../DebrisFlow2D/CaseDebrisFlow2D_out/data"
XML-Vars (uservars + ctes): CaseName=["CaseDebrisFlow2D"]  Data2D=[1]  Data2DPosy=[1]  H=[0.013]  KernelSize=[0.026]  B=[228993]  Gamma=[7]  Rhop0=[1720]  Dp=[0.01]  Gravity_x=[0]  Gravity_y=[0]  Gravity_z=[-9.81]  MassFluid=[0.172]  MassBound=[0.172]
XML-Vars (parameters): TimeMax=[5]  TimeOut=[0.1]

[Multi-phase configuration]

==: PhaseCount:1
PhaseCount:1
Phase 0
  Rho......: 1720.000000
  Gamma....: 7.000000
  Viscosity: 0.007000
  Tau_yield: 0.100000
  Papanastasiou *n* parammeter: 1.500000
  Papanastasiou *m* parammeter: 10.000000
Dt relaxation parameter: 0.200000

**Basic case configuration is loaded
**Special case configuration is loaded
Loading initial state of particles...
Loaded particles: 7631
MapRealPos(border)=(-0.000650001,0.99935,-0.000650001)-(4.00065,1.00065,1.25065)
MapRealPos(final)=(-0.000650001,0.99935,-0.000650001)-(4.00065,1.00065,1.8763)
**Initial state of particles is loaded
**2D-Simulation parameters:
CaseName="CaseDebrisFlow2D"
RunName="CaseDebrisFlow2D"
Simulate2DPosY=1
Symmetry=False
SavePosDouble=False
SaveFtAce=False
SvTimers=True
Boundary="DBC"
StepAlgorithm="Symplectic"
RelologyModel="NN-MultiPhase"
VelocityGradients="FDA approach"
Kernel="Wendland"
  Wendland.awen=3295.849365
  Wendland.bwen=-1267723.750000
Viscosity="Laminar+SPS"
  Visco=0.100000
  ViscoBoundFactor=1.000000
DensityDiffusion="Fourtakas et al 2019 (full)"
  DensityDiffusionValue=0.100000
Shifting="Full"
  ShiftCoef=-10.000000
  ShiftTFS=1.500000
  ShiftDomain="Full"
RigidAlgorithm="None"
FloatingCount=0
CaseNp=7631
CaseNbound=3215
CaseNfixed=3215
CaseNmoving=0
CaseNfloat=0
CaseNfluid=4416
PeriodicActive="None"
Dp=0.01
KernelH=0.013000  (CoefficientH=0.91924; H/Dp=1.3)
KernelSize=0.026000
CteB=228993.421875
Gamma=7.000000
RhopZero=1720.000000
Cs0=30.5279
CFLnumber=0.100000
DtIni=0.000425841
DtMin=2.12921e-10
DtAllParticles=False
MassFluid=0.172000
MassBound=0.172000
SpsSmag=0.000001
SpsBlin=0.000000
TimeMax=5
TimePart=0.1
Gravity=(0.000000,0.000000,-9.810000)
NpMinimum=3215
RhopOut=True
RhopOutMin=500.000000
RhopOutMax=3000.000000
WrnPartsOut=True
**Requested GPU memory for 7759 particles: 2.2 MB (0 times).
CellMode="Full"
ScellDiv=1
MapCells=(154,1,73)
DomCells=(154,1,73)
DomCellCode="14_7_12"
PosCellCode="13_10_9 (8192,1024,512)"
PosCellSize=0.026000  (1 x KernelSize)
 
BlockSize calculation mode: Fixed.
  BsForcesBound=128 (48 regs)
  BsForcesFluid=128 (72 regs)
 
**CellDiv: Requested gpu memory for 8140 particles: 0.1 MB.
**CellDiv: Requested gpu memory for 1804 cells (CellMode=Full): 0.0 MB.
 
RunMode="Pos-Cell - Single-Gpu, HostName:LCEEO-PKI206D02"
 
Particle summary:
  Fixed....: 3215  id:(0-3214)   MKs:3 (21-23)
  Moving...: 0
  Floating.: 0
  Fluid....: 4416  id:(3215-7630)   MKs:1 (1)

Total particles: 7631 (bound=3215 (fx=3215 mv=0 ft=0) fluid=4416)
Total MK blocks: 4 (bound=3 (fx=3 mv=0 ft=0) fluid=1)
 
Allocated memory in CPU: 775426 (0.74 MB)
Allocated memory in GPU: 2361468 (2.25 MB)
Part_0000        7631 particles successfully stored

[Initialising simulation (gktstya7)  26-02-2026 17:06:13]
PART       PartTime      TotalSteps    Steps    Time/Sec   Finish time        
=========  ============  ============  =======  =========  ===================
Part_0001      0.100035          2351     2351      34.51  26-02-2026 17:09:06
Part_0002      0.200006          4716     2365      34.62  26-02-2026 17:09:05
Part_0003      0.300000          7115     2399      34.85  26-02-2026 17:09:06
**CellDiv: Requested gpu memory for 3840 cells (CellMode=Full): 0.1 MB.
Part_0004      0.400001          9745     2630      40.04  26-02-2026 17:09:13
Part_0005      0.500037         12367     2622      41.65  26-02-2026 17:09:19
Part_0006      0.600037         14785     2418      38.21  26-02-2026 17:09:20
Part_0007      0.700006         17151     2366      37.36  26-02-2026 17:09:19
Part_0008      0.800002         19516     2365      36.62  26-02-2026 17:09:19
Part_0009      0.900025         21880     2364      36.59  26-02-2026 17:09:19
Part_0010      1.000040         24242     2362      36.96  26-02-2026 17:09:18
Part_0011      1.100016         26602     2360      36.68  26-02-2026 17:09:18
Part_0012      1.200021         28963     2361      37.40  26-02-2026 17:09:19
Part_0013      1.300025         31323     2360      35.91  26-02-2026 17:09:18
Part_0014      1.400024         33682     2359      35.56  26-02-2026 17:09:17
Part_0015      1.500012         36040     2358      36.38  26-02-2026 17:09:17
Part_0016      1.600018         38397     2357      36.06  26-02-2026 17:09:17
Part_0017      1.700020         40754     2357      36.84  26-02-2026 17:09:17
Part_0018      1.800031         43113     2359      37.15  26-02-2026 17:09:16
Part_0019      1.900003         45475     2362      36.47  26-02-2026 17:09:17
Part_0020      2.000020         47842     2367      36.54  26-02-2026 17:09:17
Part_0021      2.100010         50206     2364      36.39  26-02-2026 17:09:16
Part_0022      2.200028         52574     2368      37.08  26-02-2026 17:09:17
Part_0023      2.300016         54934     2360      37.39  26-02-2026 17:09:17
Part_0024      2.400041         57290     2356      38.09  26-02-2026 17:09:17
Part_0025      2.500011         59643     2353      37.20  26-02-2026 17:09:17
Part_0026      2.600022         61996     2353      38.30  26-02-2026 17:09:17
Part_0027      2.700038         64349     2353      38.29  26-02-2026 17:09:18
Part_0028      2.800014         66701     2352      37.52  26-02-2026 17:09:18
Part_0029      2.900033         69054     2353      37.22  26-02-2026 17:09:18
Part_0030      3.000012         71406     2352      37.63  26-02-2026 17:09:18
Part_0031      3.100037         73759     2353      37.88  26-02-2026 17:09:18
Part_0032      3.200021         76111     2352      37.75  26-02-2026 17:09:18
Part_0033      3.300011         78463     2352      38.69  26-02-2026 17:09:19
Part_0034      3.400001         80815     2352      37.70  26-02-2026 17:09:18
Part_0035      3.500038         83168     2353      37.68  26-02-2026 17:09:18
Part_0036      3.600032         85520     2352      38.21  26-02-2026 17:09:19
Part_0037      3.700027         87872     2352      37.92  26-02-2026 17:09:19
Part_0038      3.800024         90224     2352      37.40  26-02-2026 17:09:19
Part_0039      3.900023         92576     2352      37.34  26-02-2026 17:09:18
Part_0040      4.000023         94928     2352      37.43  26-02-2026 17:09:19
Part_0041      4.100028         97280     2352      37.56  26-02-2026 17:09:19
Part_0042      4.200036         99632     2352      37.38  26-02-2026 17:09:19
Part_0043      4.300005        101983     2351      37.11  26-02-2026 17:09:19
Part_0044      4.400018        104335     2352      37.91  26-02-2026 17:09:19
Part_0045      4.500032        106687     2352      38.09  26-02-2026 17:09:19
Part_0046      4.600008        109038     2351      38.06  26-02-2026 17:09:19
Part_0047      4.700027        111390     2352      38.23  26-02-2026 17:09:19
Part_0048      4.800004        113741     2351      38.95  26-02-2026 17:09:19
Part_0049      4.900025        116093     2352      39.03  26-02-2026 17:09:19
Part_0050      5.000004        118444     2351      39.33  26-02-2026 17:09:20

[Simulation finished  26-02-2026 17:09:20]
Particles of simulation (initial): 7631
DTs adjusted to DtMin............: 0
Excluded particles...............: 0
Total Runtime....................: 187.124054 sec.
Simulation Runtime...............: 187.117935 sec.
Runtime per physical second......: 37.423553 sec.
Steps per second.................: 632.991150
Steps of simulation..............: 118444
PART files.......................: 51
Maximum number of particles......: 7631
Maximum number of cells..........: 3675
CPU Memory.......................: 775426 (0.74 MB)
GPU Memory.......................: 2394044 (2.28 MB)
 
[GPU Timers]
VA-Init..........................: 0.006114 sec.
NL-Limits........................: 11.170012 sec.
NL-PreSort.......................: 5.370170 sec.
NL-RadixSort.....................: 12.793892 sec.
NL-CellBegin.....................: 15.499203 sec.
NL-SortData......................: 9.642112 sec.
NL-OutCheck......................: 0.796587 sec.
CF-PreForces.....................: 25.850237 sec.
CF-Forces........................: 51.552807 sec.
SU-Shifting......................: 6.399522 sec.
SU-ComputeStep...................: 6.226933 sec.
SU-Floating......................: 0.000000 sec.
SU-Motion........................: 0.000000 sec.
SU-Periodic......................: 0.000000 sec.
SU-ResizeNp......................: 0.000000 sec.
SU-DownData......................: 0.008431 sec.
SU-SavePart......................: 0.013790 sec.
SU-Chrono........................: 0.000000 sec.
SU-BoundCorr.....................: 0.000000 sec.
SU-InOut.........................: 0.000000 sec.
 
[Output files]
- CfgInit_Domain.vtk...: Saves the limits of the case and the simulation domain limits.
- CfgInit_MapCells.vtk.: Saves the cell division of the simulation domain.
- Run.csv..............: One line CSV file with execution parameters and other simulation data.
- Run.out..............: Log file of the simulation.
- data/PartInfo.ibi4...: Binary file with execution information for each instant (input for PartInfo program).
- data/PartOut_???.obi4: Binary file with particles excluded during simulation (input for PartVtkOut program).
- data/Part_????.bi4...: Binary file with particle data in different instants.
- data/Part_Head.ibi4..: Binary file with basic information of simulation data.
 

Finished execution (code=0).

