

 <GENCASE>  Copyright (c) 2020 by Dr Jose M. Dominguez
 All rights reserved.

 DualSPHysics is an international collaboration between University of Vigo 
 (Spain) and University of Manchester (UK). 

 Redistribution and use in source and binary forms, with or without
 modification, are permitted provided that the following conditions
 are met:
 * Redistributions of source code must retain the above copyright
   notice, this list of conditions and the following disclaimer.
 * Redistributions in binary form must reproduce the above copyright
   notice, this list of conditions and the following disclaimer in the
   documentation and/or other materials provided with the distribution.
 * Neither the name of the DualSPHysics nor the names of its contributors
   may be used to endorse or promote products derived from this software
   without specific prior written permission.

 THIS SOFTWARE IS PROVIDED BY THE COPYRIGHT HOLDERS AND CONTRIBUTORS "AS IS"
 AND ANY EXPRESS OR IMPLIED WARRANTIES, INCLUDING, BUT NOT LIMITED TO, THE
 IMPLIED WARRANTIES OF MERCHANTABILITY AND FITNESS FOR A PARTICULAR PURPOSE
 ARE DISCLAIMED. IN NO EVENT SHALL THE COPYRIGHT OWNER BE LIABLE FOR ANY
 DIRECT, INDIRECT, INCIDENTAL, SPECIAL, EXEMPLARY, OR CONSEQUENTIAL DAMAGES
 (INCLUDING, BUT NOT LIMITED TO, PROCUREMENT OF SUBSTITUTE GOODS OR SERVICES;
 LOSS OF USE, DATA, OR PROFITS; OR BUSINESS INTERRUPTION) HOWEVER CAUSED AND
 ON ANY THEORY OF LIABILITY, WHETHER IN CONTRACT, STRICT LIABILITY, OR TORT
 (INCLUDING NEGLIGENCE OR OTHERWISE) ARISING IN ANY WAY OUT OF THE USE OF
 THIS SOFTWARE, EVEN IF ADVISED OF THE POSSIBILITY OF SUCH DAMAGE. 


GenCase v5.0.222 (16-11-2020) 
===============================
OmpThreads: 8

[LoadXMLInit]
List: MAIN

Total operations: 14
[LoadXMLInit-End  time:0.000s]

[Draw]
List of available variables: Gravity_x=[0]  Gravity_y=[0]  Gravity_z=[-9.81]  Rhop0=[1600]  Dp=[0.0064]  PosMin_x=[-0.8]  PosMin_y=[0]  PosMin_z=[-0.35]  PosMax_x=[6.2]  PosMax_y=[0]  PosMax_z=[1.55]  CaseName=["Case_Def"]  Data2D=[1]  Data2DPosy=[0]  H=[0.00905097]  MassBound=[0.065536]  MassFluid=[0.065536]

Mk size: 1 bytes
Case limits: (-0.8,0,-0.35) - (6.2,0,1.55)
Distance between points (Dp): 0.0064
Case domain: (0,0,0)-(1092,0,295)
Domain points: 1093 x 1 x 296 = 323528
Case parts: 1 x 296z
Memory: 0.00Gb 0.31Mb (323528)

> MAIN
FileShapes> _Dp.vtk  shapes:26  points:40   (time:0.000s)
<MAIN (Operations= 9+5+1 = 15)

Triangles: 88 (0 ignored)
[Draw-End  time:0.052s]

[LoadsXMLConfig]
Execution parameters.
Initials configuration.
Floating bodies configuration.
Properties configuration.
Predefined motion configuration.
[LoadsXMLConfig-End  time:0.000s]

[PreparePoints]
Computing Vtk-Cells data...  (time:0.001s)
BitSizeTot: 20 (1 + 10+1+8)
Points loaded: 26408
Sorting points by Z...
Sorting points by Mk...

List of Points:
Points -> Fixed-Boundary particles:
  block[  0] (mk: 10):   3793  -->    3793
Points -> Fluid particles:
  block[  1] (mk:  1):  22615  -->   22615

Particle summary:
  Fixed....: 3793  id:(0-3792)   MKs:1 (10)
  Moving...: 0
  Floating.: 0
  Fluid....: 22615  id:(3793-26407)   MKs:1 (1)

Total particles: 26408 (bound=3793 (fx=3793 mv=0 ft=0) fluid=22615)
Total MK blocks: 2 (bound=1 (fx=1 mv=0 ft=0) fluid=1)

Maximum depth: 0.2112 (automatic)
Speed of system: 1 (fixed)
Speed of sound: max(coefsound*speedsystem,10*sqrt(g*depth))
Speed of sound: 20 max(20,14.394)
Speed of sound: 20 (automatic)

Coefh:1.000000 (hdp:1.414214)

[PreparePoints-End  time:0.003s]

[SaveCase2D]
/home/danrong/projects/DualSPHysics_NN_v5.0.1/dualsphysics-maf/runs/run_20260312_070147/out/Case_Def_MkCells.vtk  (time:0.001s, shapes:311, points:1244)
/home/danrong/projects/DualSPHysics_NN_v5.0.1/dualsphysics-maf/runs/run_20260312_070147/out/Case_Def.bi4<double>  (time:0.002s)
/home/danrong/projects/DualSPHysics_NN_v5.0.1/dualsphysics-maf/runs/run_20260312_070147/out/Case_Def_All.vtk  (time: 0.003s)
/home/danrong/projects/DualSPHysics_NN_v5.0.1/dualsphysics-maf/runs/run_20260312_070147/out/Case_Def_Bound.vtk  (time: 0.001s)
/home/danrong/projects/DualSPHysics_NN_v5.0.1/dualsphysics-maf/runs/run_20260312_070147/out/Case_Def_Fluid.vtk  (time: 0.002s)
/home/danrong/projects/DualSPHysics_NN_v5.0.1/dualsphysics-maf/runs/run_20260312_070147/out/Case_Def.xml  (time:0.001s)

Save files time: 0.010s

Particle limits:
  X range: 0.1344 to 5.9136 [m]
  Y range: 0 to 0 [m]
  Z range: -0.2348 to 1.378 [m]

[SaveCase2D-End  time:0.012s]


Finished execution (code=0).

