

 <GENCASE>  Copyright (c) 2020 by Dr Jose M. Dominguez
 All rights reserved.

 DualSPHysics is an international collaboration between University of Vigo 
 (Spain) and University of Manchester (UK). 

 Redistribution and use in source and binary forms, with or without
 modification, are permitted provided that the following conditions
 are met:
 * Redistributions of source code must retain the above copyright
   notice, this list of conditions and the following disclaimer.
 * Redistributions in binary form must reproduce the above copyright
   notice, this list of conditions and the following disclaimer in the
   documentation and/or other materials provided with the distribution.
 * Neither the name of the DualSPHysics nor the names of its contributors
   may be used to endorse or promote products derived from this software
   without specific prior written permission.

 THIS SOFTWARE IS PROVIDED BY THE COPYRIGHT HOLDERS AND CONTRIBUTORS "AS IS"
 AND ANY EXPRESS OR IMPLIED WARRANTIES, INCLUDING, BUT NOT LIMITED TO, THE
 IMPLIED WARRANTIES OF MERCHANTABILITY AND FITNESS FOR A PARTICULAR PURPOSE
 ARE DISCLAIMED. IN NO EVENT SHALL THE COPYRIGHT OWNER BE LIABLE FOR ANY
 DIRECT, INDIRECT, INCIDENTAL, SPECIAL, EXEMPLARY, OR CONSEQUENTIAL DAMAGES
 (INCLUDING, BUT NOT LIMITED TO, PROCUREMENT OF SUBSTITUTE GOODS OR SERVICES;
 LOSS OF USE, DATA, OR PROFITS; OR BUSINESS INTERRUPTION) HOWEVER CAUSED AND
 ON ANY THEORY OF LIABILITY, WHETHER IN CONTRACT, STRICT LIABILITY, OR TORT
 (INCLUDING NEGLIGENCE OR OTHERWISE) ARISING IN ANY WAY OUT OF THE USE OF
 THIS SOFTWARE, EVEN IF ADVISED OF THE POSSIBILITY OF SUCH DAMAGE. 


GenCase v5.0.222 (16-11-2020) 
===============================
OmpThreads: 8

[LoadXMLInit]
List: MAIN

Total operations: 19
[LoadXMLInit-End  time:0.000s]

[Draw]
List of available variables: Gravity_x=[0]  Gravity_y=[0]  Gravity_z=[-9.81]  Rhop0=[1700]  Dp=[0.064]  PosMin_x=[-0.6]  PosMin_y=[-1.2]  PosMin_z=[-0.2]  PosMax_x=[5.6]  PosMax_y=[1.2]  PosMax_z=[1.6]  CaseName=["Case_Def"]  Data2D=[0]  Data2DPosy=[0]  H=[0.110851]  MassBound=[0.445645]  MassFluid=[0.445645]

Mk size: 1 bytes
Case limits: (-0.6,-1.2,-0.2) - (5.6,1.2,1.6)
Distance between points (Dp): 0.064
Case domain: (0,0,0)-(95,36,27)
Domain points: 96 x 37 x 28 = 99456
Case parts: 1 x 28z
Memory: 0.00Gb 0.09Mb (99456)

> MAIN
FileShapes> _Dp.vtk  shapes:21  points:36   (time:0.000s)
<MAIN (Operations= 14+5+1 = 20)

Triangles: 70 (0 ignored)
[Draw-End  time:0.051s]

[LoadsXMLConfig]
Execution parameters.
Initials configuration.
Floating bodies configuration.
Properties configuration.
Predefined motion configuration.
[LoadsXMLConfig-End  time:0.000s]

[PreparePoints]
Computing Vtk-Cells data...  (time:0.005s)
BitSizeTot: 19 (2 + 7+5+5)
Points loaded: 9344
Sorting points by Z...
Sorting points by Mk...

List of Points:
Points -> Fixed-Boundary particles:
  block[  0] (mk: 10):   7860  -->    7860
  block[  1] (mk: 11):   1372  -->    1372
Points -> Fluid particles:
  block[  2] (mk:  1):    112  -->     112

Particle summary:
  Fixed....: 9232  id:(0-9231)   MKs:2 (10-11)
  Moving...: 0
  Floating.: 0
  Fluid....: 112  id:(9232-9343)   MKs:1 (1)

Total particles: 9344 (bound=9232 (fx=9232 mv=0 ft=0) fluid=112)
Total MK blocks: 3 (bound=2 (fx=2 mv=0 ft=0) fluid=1)

Maximum depth: 0.256 (automatic)
Speed of system: 1 (fixed)
Speed of sound: max(coefsound*speedsystem,10*sqrt(g*depth))
Speed of sound: 20 max(20,15.8473)
Speed of sound: 20 (automatic)

Coefh:1.000000 (hdp:1.732051)

[PreparePoints-End  time:0.005s]

[SaveCase3D]
/home/danrong/projects/DualSPHysics_NN_v5.0.1/dualsphysics-maf/runs/run_20260311_064212/out/Case_Def_MkCells.vtk  (time:0.000s, shapes:318, points:1272)
/home/danrong/projects/DualSPHysics_NN_v5.0.1/dualsphysics-maf/runs/run_20260311_064212/out/Case_Def.bi4<double>  (time:0.001s)
/home/danrong/projects/DualSPHysics_NN_v5.0.1/dualsphysics-maf/runs/run_20260311_064212/out/Case_Def_All.vtk  (time: 0.001s)
/home/danrong/projects/DualSPHysics_NN_v5.0.1/dualsphysics-maf/runs/run_20260311_064212/out/Case_Def_Bound.vtk  (time: 0.002s)
/home/danrong/projects/DualSPHysics_NN_v5.0.1/dualsphysics-maf/runs/run_20260311_064212/out/Case_Def_Fluid.vtk  (time: 0.001s)
/home/danrong/projects/DualSPHysics_NN_v5.0.1/dualsphysics-maf/runs/run_20260311_064212/out/Case_Def.xml  (time:0.001s)

Save files time: 0.006s

Particle limits:
  X range: -0.216 to 4.968 [m]
  Y range: -1.008 to 0.976 [m]
  Z range: -0.136 to 1.208 [m]

[SaveCase3D-End  time:0.007s]


Finished execution (code=0).

