

 <DUALSPHYSICS5-NNEWTONIAN> Copyright (c) 2020 by
 Dr Jose M. Dominguez Alonso, Dr Alejandro Crespo,
 Prof. Moncho Gomez Gesteira, Prof. Benedict Rogers,
 Dr Georgios Fourtakas, Prof. Peter Stansby,
 Dr Renato Vacondio, Dr Corrado Altomare, Dr Angelo Tafuni,
 Orlando Garcia Feal, Ivan Martinez Estevez

 EPHYSLAB Environmental Physics Laboratory, Universidade de Vigo
 School of Mechanical, Aerospace and Civil Engineering, University of Manchester

 DualSPHysics is free software: you can redistribute it and/or
 modify it under the terms of the GNU Lesser General Public License
 as published by the Free Software Foundation, either version 2.1 of
 the License, or (at your option) any later version.

 DualSPHysics is distributed in the hope that it will be useful,
 but WITHOUT ANY WARRANTY; without even the implied warranty of
 MERCHANTABILITY or FITNESS FOR A PARTICULAR PURPOSE.  See the
 GNU Lesser General Public License for more details.

 You should have received a copy of the GNU Lesser General Public License
 along with DualSPHysics. If not, see <http://www.gnu.org/licenses/>.


DualSPHysics5-NNewtonian v1.005 (v5.0.164) (21-11-2020)
========================================================
[Select CUDA Device]
[CUDA Capable device(s)]
  Detected 1 CUDA Capable device(s)
  CUDA Driver Version / Runtime Version: 13.2 / 9.2
 
Device 0: "NVIDIA RTX A1000"
  CUDA Capability Major....: 8.6
  Global memory............: 8188 MBytes
  CUDA Cores...............: 0 (18 Multiprocessors,   0 CUDA Cores/MP)
  GPU Max Clock rate.......: 1462 MHz (1.46 GHz)
  Memory Clock rate........: 6001 Mhz
  Memory Bus Width.........: 128-bit
  L2 Cache Size............: 2048 KBytes
  Constant memory..........: 64 KBytes
  Shared memory per block..: 48 KBytes
  Registers per block......: 65536
  Maximum threads per MP...: 1536
  Maximum threads per block: 1024
  Concurrent copy and kernel execution....: Yes with 1 copy engine(s)
  Run time limit on kernels...............: Yes
  Integrated GPU sharing Host Memory......: No
  Support host page-locked memory mapping.: Yes
  Device has ECC support..................: Disabled
  Device supports Unified Addressing (UVA): Yes
  Device PCI (Domain / Bus / location)....: 0 / 1 / 0
  Device supports P2P and RDMA............: Yes
  Device supports P2P from/to GPUs........: 
 
[GPU Hardware]
Device default: 0  "NVIDIA RTX A1000"
Compute capability: 8.6
Memory global: 8187 MB
Memory shared: 49152 Bytes
[Initialising JSphGpuSingle  18-08-2026 16:23:47]
ProgramFile=".../bin/linux/DualSPHysics5.0_NNewtonian_linux64"
ExecutionDir=".../agent_v1/Github/dualsphysics-maf"
XmlFile=".../run_20260818_212327/out/Case_Def.xml"
OutputDir=".../runs/run_20260818_212327/out"
OutputDataDir=".../run_20260818_212327/out/data"
XML-Vars (uservars + ctes): CaseName=["Case_Def"]  Data2D=[1]  Data2DPosy=[0]  H=[0.0141421]  KernelSize=[0.0282843]  B=[554966]  Gamma=[7]  Rhop0=[1000]  Dp=[0.01]  Gravity_x=[0]  Gravity_y=[0]  Gravity_z=[-9.81]  MassFluid=[0.1]  MassBound=[0.1]
XML-Vars (parameters): TimeMax=[2]  TimeOut=[0.01]
Threads by host for parallel execution in Chrono: 1

*** WARNING: You are running non-Newtonian formulations using artificial viscosity.


[Multi-phase configuration]

==: PhaseCount:1
PhaseCount:1
Phase 0
  Rho......: 1000.000000
  Gamma....: 7.000000
  Viscosity: 0.000001
  Papanastasiou *n* parammeter: 1.000000
  Papanastasiou *m* parammeter: 0.000000
Dt relaxation parameter: 0.200000

**Basic case configuration is loaded
**Special case configuration is loaded
Loading initial state of particles...
Loaded particles: 4489
MapRealPos(border)=(-0.000707107,-0.000707107,-0.000707107)-(2.00071,0.000707107,1.09071)
MapRealPos(final)=(-0.000707107,-0.000707107,-0.000707107)-(2.00071,0.000707107,1.63641)
**Initial state of particles is loaded
**2D-Simulation parameters:
CaseName="Case_Def"
RunName="Case_Def"
Simulate2DPosY=0
Symmetry=False
SavePosDouble=False
SaveFtAce=False
SvTimers=True
Boundary="DBC"
StepAlgorithm="Symplectic"
RelologyModel="NN-MultiPhase"
VelocityGradients="FDA approach"
Kernel="Wendland"
  Wendland.awen=2784.999756
  Wendland.bwen=-984716.812500
Viscosity="Artificial"
  Visco=0.020000
  ViscoBoundFactor=0.000000
DensityDiffusion="Fourtakas et al 2019 (inner)"
  DensityDiffusionValue=0.100000
Shifting="None"
RigidAlgorithm="SPH+CHRONO"
FloatingCount=5
FtPause=0.000000
FtConstraints=False
FtIgnoreRadius=False
CaseNp=4489
CaseNbound=803
CaseNfixed=419
CaseNmoving=0
CaseNfloat=384
CaseNfluid=3686
PeriodicActive="None"
Dp=0.01
KernelH=0.014142  (CoefficientH=1; H/Dp=1.41421)
KernelSize=0.028284
CteB=554965.687500
Gamma=7.000000
RhopZero=1000.000000
Cs0=62.3278
CFLnumber=0.200000
DtIni=0.000226899
DtMin=1.1345e-10
DtAllParticles=False
MassFluid=0.100000
MassBound=0.100000
FtPause=0.000000
TimeMax=2
TimePart=0.01
Gravity=(0.000000,0.000000,-9.810000)
NpMinimum=803
RhopOut=True
RhopOutMin=700.000000
RhopOutMax=1300.000000
WrnPartsOut=True
**Requested GPU memory for 4617 particles: 1.1 MB (0 times).
CellMode="Full"
ScellDiv=1
MapCells=(71,1,58)
DomCells=(71,1,58)
DomCellCode="14_8_11"
PosCellCode="13_10_9 (8192,1024,512)"
PosCellSize=0.028284  (1 x KernelSize)
 
BlockSize calculation mode: Fixed.
  BsForcesBound=128 (47 regs)
  BsForcesFluid=128 (64 regs)
 
**CellDiv: Requested gpu memory for 4841 particles: 0.0 MB.
**CellDiv: Requested gpu memory for 5472 cells (CellMode=Full): 0.1 MB.
 
RunMode="Pos-Cell - Single-Gpu, HostName:LCEEO-PKI206D02"
 
Particle summary:
  Fixed....: 419  id:(0-418)   MKs:1 (10)
  Moving...: 0
  Floating.: 384  id:(419-802)   MKs:5 (11-15)
  Fluid....: 3686  id:(803-4488)   MKs:1 (1)

Total particles: 4489 (bound=803 (fx=419 mv=0 ft=384) fluid=3686)
Total MK blocks: 7 (bound=6 (fx=1 mv=0 ft=5) fluid=1)
 
Chrono Objects configuration:
  DSPHChrono version.: v5.0.158
  Data directory....: [/mnt/c/Users/yzhao52/OneDrive - University of Nebraska/Student Research/Undergraduates research/AI-agent DualSPHysics Debris Flow/agent_v1/Github/dualsphysics-maf/runs/run_20260818_212327/out/chrono_objs/]
  Collisions........: False
  Execution mode....: Single Core
  OpenMP Threads....: 1
  Bodies............: 6
  Links.............: 5
  Body_0000 "domain" -  type: Fixed
    MkBound......: 0
  Body_0001 "hinged1" -  type: Floating
    MkBound......: 1
    Mass.........: 4.8
    Center.......: (0.515,0,0.12)
    Inertia......: (0.00896,0.00956,0.0006) (xx,yy,zz)
    Inertia......: (0,0,-3.46945e-20) (xy,yz,xz)
    Links......: 1
      Link_hinged1_hinged2
  Body_0002 "hinged2" -  type: Floating
    MkBound......: 2
    Mass.........: 6.4
    Center.......: (0.515,0,0.295)
    Inertia......: (0.02128,0.02208,0.0008) (xx,yy,zz)
    Inertia......: (0,0,1.38778e-19) (xy,yz,xz)
    Links......: 2
      Link_hinged1_hinged2
      Link_hinged2_hinged3
  Body_0003 "hinged3" -  type: Floating
    MkBound......: 3
    Mass.........: 6.4
    Center.......: (0.515,0,0.495)
    Inertia......: (0.02128,0.02208,0.0008) (xx,yy,zz)
    Inertia......: (0,0,-1.73472e-20) (xy,yz,xz)
    Links......: 2
      Link_hinged2_hinged3
      Link_hinged3_hinged4
  Body_0004 "hinged4" -  type: Floating
    MkBound......: 4
    Mass.........: 6.4
    Center.......: (0.515,0,0.695)
    Inertia......: (0.02128,0.02208,0.0008) (xx,yy,zz)
    Inertia......: (0,0,-1.73472e-20) (xy,yz,xz)
    Links......: 2
      Link_hinged3_hinged4
      Link_hinged4_hinged5
  Body_0005 "hinged5" -  type: Floating
    MkBound......: 5
    Mass.........: 6.72
    Center.......: (0.515,0,0.9)
    Inertia......: (0.02464,0.02548,0.00084) (xx,yy,zz)
    Inertia......: (0,0,8.67362e-20) (xy,yz,xz)
    Links......: 2
      Link_hinged4_hinged5
      Link_hinged5
  Link "Link_hinged1_hinged2" -  type: Hinge
    Rotation point: (0.5,0,0.2)
    Rotation axis.: (0,1,0)
    Stiffness.....: 750
    Damping.......: 50
    Bodies........: 2
      Body_0001 "hinged1"
      Body_0002 "hinged2"
  Link "Link_hinged2_hinged3" -  type: Hinge
    Rotation point: (0.5,0,0.4)
    Rotation axis.: (0,1,0)
    Stiffness.....: 750
    Damping.......: 50
    Bodies........: 2
      Body_0002 "hinged2"
      Body_0003 "hinged3"
  Link "Link_hinged3_hinged4" -  type: Hinge
    Rotation point: (0.5,0,0.6)
    Rotation axis.: (0,1,0)
    Stiffness.....: 750
    Damping.......: 50
    Bodies........: 2
      Body_0003 "hinged3"
      Body_0004 "hinged4"
  Link "Link_hinged4_hinged5" -  type: Hinge
    Rotation point: (0.5,0,0.8)
    Rotation axis.: (0,1,0)
    Stiffness.....: 750
    Damping.......: 50
    Bodies........: 2
      Body_0004 "hinged4"
      Body_0005 "hinged5"
  Link "Link_hinged5" -  type: Hinge
    Rotation point: (0.5,0,1)
    Rotation axis.: (0,1,0)
    Stiffness.....: 750
    Damping.......: 50
    Bodies........: 1
      Body_0005 "hinged5"
 
Allocated memory in CPU: 481418 (0.46 MB)
Allocated memory in GPU: 1257233 (1.20 MB)
Part_0000        4489 particles successfully stored

[WARNINGS]
1. You are running non-Newtonian formulations using artificial viscosity.

[Initialising simulation (8tk02x80)  18-08-2026 16:23:47]
PART       PartTime      TotalSteps    Steps    Time/Sec   Finish time        
=========  ============  ============  =======  =========  ===================
Part_0001      0.010022           217      217      80.23  18-08-2026 16:26:27
Part_0002      0.020021           438      221      83.74  18-08-2026 16:26:31
Part_0003      0.030008           659      221      79.63  18-08-2026 16:26:29
Part_0004      0.040035           881      222      75.43  18-08-2026 16:26:26
Part_0005      0.050043          1103      222      79.16  18-08-2026 16:26:26
Part_0006      0.060015          1325      222      75.25  18-08-2026 16:26:25
Part_0007      0.070039          1552      227      80.75  18-08-2026 16:26:24
Part_0008      0.080014          1775      223      79.28  18-08-2026 16:26:25
Part_0009      0.090007          2002      227      82.40  18-08-2026 16:26:25
Part_0010      0.100018          2227      225      80.98  18-08-2026 16:26:26
Part_0011      0.110033          2451      224      80.74  18-08-2026 16:26:26
Part_0012      0.120004          2680      229      81.97  18-08-2026 16:26:26
Part_0013      0.130035          2910      230      79.10  18-08-2026 16:26:26
Part_0014      0.140001          3138      228      80.99  18-08-2026 16:26:26
Part_0015      0.150039          3368      230      88.34  18-08-2026 16:26:28
Part_0016      0.160021          3598      230     114.12  18-08-2026 16:26:32
Part_0017      0.170014          3829      231     113.08  18-08-2026 16:26:35
Part_0018      0.180016          4058      229     123.39  18-08-2026 16:26:39
Part_0019      0.190028          4291      233     141.44  18-08-2026 16:26:46
Part_0020      0.200024          4523      232     138.14  18-08-2026 16:26:50
Part_0021      0.210031          4757      234     144.41  18-08-2026 16:26:56
Part_0022      0.220023          4989      232     146.42  18-08-2026 16:27:00
Part_0023      0.230022          5224      235     146.00  18-08-2026 16:27:05
Part_0024      0.240015          5459      235     141.53  18-08-2026 16:27:08
Part_0025      0.250032          5697      238     140.39  18-08-2026 16:27:11
Part_0026      0.260035          5934      237     141.68  18-08-2026 16:27:14
Part_0027      0.270035          6171      237     139.37  18-08-2026 16:27:16
Part_0028      0.280013          6409      238     142.29  18-08-2026 16:27:20
Part_0029      0.290014          6646      237     142.42  18-08-2026 16:27:22
Part_0030      0.300015          6883      237     141.12  18-08-2026 16:27:25
Part_0031      0.310022          7122      239     138.78  18-08-2026 16:27:26
Part_0032      0.320015          7358      236     139.05  18-08-2026 16:27:28
Part_0033      0.330012          7599      241     139.03  18-08-2026 16:27:30
Part_0034      0.340002          7841      242     143.32  18-08-2026 16:27:31
Part_0035      0.350033          8082      241     137.74  18-08-2026 16:27:33
Part_0036      0.360039          8323      241     144.96  18-08-2026 16:27:35
Part_0037      0.370006          8562      239     140.49  18-08-2026 16:27:36
Part_0038      0.380038          8804      242     143.65  18-08-2026 16:27:38
Part_0039      0.390017          9046      242     139.49  18-08-2026 16:27:39
Part_0040      0.400025          9292      246     148.30  18-08-2026 16:27:41
Part_0041      0.410013          9538      246     144.80  18-08-2026 16:27:42
Part_0042      0.420014          9788      250     146.08  18-08-2026 16:27:44
Part_0043      0.430033         10037      249     149.67  18-08-2026 16:27:44
Part_0044      0.440032         10285      248     149.66  18-08-2026 16:27:46
Part_0045      0.450023         10537      252     155.76  18-08-2026 16:27:47
Part_0046      0.460013         10788      251     150.30  18-08-2026 16:27:49
Part_0047      0.470017         11037      249     152.70  18-08-2026 16:27:50
Part_0048      0.480026         11289      252     155.49  18-08-2026 16:27:52
Part_0049      0.490039         11542      253     154.85  18-08-2026 16:27:53
Part_0050      0.500005         11790      248     155.46  18-08-2026 16:27:54
Part_0051      0.510023         12038      248     163.55  18-08-2026 16:27:55
Part_0052      0.520041         12284      246     163.77  18-08-2026 16:27:57
Part_0053      0.530014         12534      250     168.03  18-08-2026 16:27:59
Part_0054      0.540021         12784      250     159.36  18-08-2026 16:28:00
Part_0055      0.550032         13036      252     164.45  18-08-2026 16:28:01
Part_0056      0.560018         13285      249     162.04  18-08-2026 16:28:03
Part_0057      0.570018         13538      253     160.88  18-08-2026 16:28:04
Part_0058      0.580038         13791      253     163.60  18-08-2026 16:28:05
Part_0059      0.590027         14044      253     163.02  18-08-2026 16:28:07
Part_0060      0.600011         14295      251     166.34  18-08-2026 16:28:07
Part_0061      0.610036         14546      251     160.86  18-08-2026 16:28:09
Part_0062      0.620028         14799      253     160.28  18-08-2026 16:28:09
Part_0063      0.630004         15052      253     156.11  18-08-2026 16:28:10
Part_0064      0.640024         15307      255     155.07  18-08-2026 16:28:11
Part_0065      0.650006         15565      258     155.34  18-08-2026 16:28:12
Part_0066      0.660005         15823      258     154.18  18-08-2026 16:28:13
Part_0067      0.670030         16095      272     165.07  18-08-2026 16:28:13
Part_0068      0.680016         16369      274     162.71  18-08-2026 16:28:14
Part_0069      0.690017         16687      318     192.37  18-08-2026 16:28:16
Part_0070      0.700011         17061      374     223.69  18-08-2026 16:28:18
Part_0071      0.710023         17418      357     210.69  18-08-2026 16:28:20
Part_0072      0.720025         17759      341     202.31  18-08-2026 16:28:22
Part_0073      0.730017         18095      336     198.02  18-08-2026 16:28:24
Part_0074      0.740028         18431      336     197.02  18-08-2026 16:28:25
Part_0075      0.750023         18768      337     198.86  18-08-2026 16:28:27
Part_0076      0.760001         19098      330     199.38  18-08-2026 16:28:28
Part_0077      0.770009         19421      323     190.21  18-08-2026 16:28:30
Part_0078      0.780024         19760      339     196.85  18-08-2026 16:28:31
Part_0079      0.790022         20097      337     204.37  18-08-2026 16:28:33
Part_0080      0.800006         20419      322     214.81  18-08-2026 16:28:34
Part_0081      0.810006         20749      330     216.07  18-08-2026 16:28:36
Part_0082      0.820010         21080      331     215.74  18-08-2026 16:28:39
Part_0083      0.830022         21398      318     214.06  18-08-2026 16:28:40
Part_0084      0.840000         21719      321     217.25  18-08-2026 16:28:42
Part_0085      0.850003         22050      331     210.34  18-08-2026 16:28:43
Part_0086      0.860012         22370      320     198.13  18-08-2026 16:28:44
Part_0087      0.870018         22688      318     197.13  18-08-2026 16:28:45
Part_0088      0.880026         23005      317     198.33  18-08-2026 16:28:46
Part_0089      0.890029         23320      315     188.38  18-08-2026 16:28:47
Part_0090      0.900014         23636      316     192.42  18-08-2026 16:28:48
Part_0091      0.910031         23948      312     193.42  18-08-2026 16:28:49
Part_0092      0.920000         24258      310     189.08  18-08-2026 16:28:50
Part_0093      0.930006         24575      317     191.33  18-08-2026 16:28:50
Part_0094      0.940018         24893      318     192.35  18-08-2026 16:28:51
Part_0095      0.950034         25203      310     188.38  18-08-2026 16:28:52
Part_0096      0.960022         25520      317     189.11  18-08-2026 16:28:53
Part_0097      0.970027         25835      315     188.10  18-08-2026 16:28:54
Part_0098      0.980005         26150      315     188.89  18-08-2026 16:28:55
Part_0099      0.990034         26469      319     192.08  18-08-2026 16:28:56
Part_0100      1.000022         26787      318     189.84  18-08-2026 16:28:56
Part_0101      1.010020         27104      317     186.17  18-08-2026 16:28:57
Part_0102      1.020017         27437      333     193.37  18-08-2026 16:28:58
Part_0103      1.030011         27763      326     191.61  18-08-2026 16:28:58
Part_0104      1.040016         28092      329     193.38  18-08-2026 16:28:58
Part_0105      1.050018         28428      336     196.89  18-08-2026 16:28:59
Part_0106      1.060002         28767      339     200.40  18-08-2026 16:29:00
Part_0107      1.070024         29117      350     205.94  18-08-2026 16:29:01
Part_0108      1.080011         29458      341     202.92  18-08-2026 16:29:02
  Particles out: 2  (total out: 2)  -  Current np: 4487
Part_0109      1.090018         29808      350     208.45  18-08-2026 16:29:04
  Particles out: 1  (total out: 3)  -  Current np: 4486
Part_0110      1.100021         30153      345     205.10  18-08-2026 16:29:04
Part_0111      1.110010         30493      340     203.91  18-08-2026 16:29:05
Part_0112      1.120022         30831      338     208.82  18-08-2026 16:29:06
  Particles out: 2  (total out: 5)  -  Current np: 4484
Part_0113      1.130000         31167      336     200.83  18-08-2026 16:29:07
Part_0114      1.140019         31519      352     212.06  18-08-2026 16:29:08
Part_0115      1.150017         31883      364     216.78  18-08-2026 16:29:08
Part_0116      1.160020         32262      379     227.21  18-08-2026 16:29:09
Part_0117      1.170020         32637      375     228.58  18-08-2026 16:29:11
Part_0118      1.180004         33003      366     216.98  18-08-2026 16:29:12
Part_0119      1.190008         33375      372     220.90  18-08-2026 16:29:13
Part_0120      1.200006         33763      388     227.89  18-08-2026 16:29:13
Part_0121      1.210001         34155      392     238.32  18-08-2026 16:29:15
Part_0122      1.220022         34551      396     239.61  18-08-2026 16:29:16
Part_0123      1.230012         34939      388     234.50  18-08-2026 16:29:17
Part_0124      1.240004         35326      387     237.16  18-08-2026 16:29:19
Part_0125      1.250005         35728      402     240.12  18-08-2026 16:29:19
Part_0126      1.260016         36135      407     241.65  18-08-2026 16:29:21
Part_0127      1.270018         36561      426     251.49  18-08-2026 16:29:22
Part_0128      1.280005         36991      430     256.75  18-08-2026 16:29:24
Part_0129      1.290004         37426      435     265.68  18-08-2026 16:29:25
Part_0130      1.300018         37841      415     260.10  18-08-2026 16:29:26
Part_0131      1.310007         38287      446     278.65  18-08-2026 16:29:28
Part_0132      1.320007         38725      438     257.97  18-08-2026 16:29:29
Part_0133      1.330009         39155      430     259.49  18-08-2026 16:29:31
Part_0134      1.340013         39604      449     265.44  18-08-2026 16:29:33
Part_0135      1.350003         40042      438     276.72  18-08-2026 16:29:33
Part_0136      1.360004         40481      439     292.70  18-08-2026 16:29:35
Part_0137      1.370021         40937      456     317.82  18-08-2026 16:29:37
Part_0138      1.380009         41378      441     778.06  18-08-2026 16:29:46
Part_0139      1.390019         41845      467     978.58  18-08-2026 16:29:58
Part_0140      1.400016         42309      464     949.20  18-08-2026 16:30:08
Part_0141      1.410013         42781      472     979.22  18-08-2026 16:30:20
Part_0142      1.420008         43240      459     972.85  18-08-2026 16:30:31
Part_0143      1.430020         43730      490    1076.35  18-08-2026 16:30:43
Part_0144      1.440007         44216      486    1063.30  18-08-2026 16:30:54
Part_0145      1.450006         44700      484    1138.85  18-08-2026 16:31:08
Part_0146      1.460005         45181      481    1056.55  18-08-2026 16:31:19
Part_0147      1.470023         45652      471     972.16  18-08-2026 16:31:29
Part_0148      1.480015         46144      492    1021.12  18-08-2026 16:31:40
Part_0149      1.490001         46640      496    1026.88  18-08-2026 16:31:51
Part_0150      1.500017         47135      495    1065.62  18-08-2026 16:32:01
Part_0151      1.510012         47684      549    1179.65  18-08-2026 16:32:14
Part_0152      1.520028         48124      440    1029.69  18-08-2026 16:32:24
Part_0153      1.530007         48475      351     837.26  18-08-2026 16:32:32
Part_0154      1.540022         48838      363     844.92  18-08-2026 16:32:39
Part_0155      1.550011         49216      378     986.39  18-08-2026 16:32:48
Part_0156      1.560002         49582      366     909.57  18-08-2026 16:32:57
Part_0157      1.570018         49939      357     898.48  18-08-2026 16:33:04
Part_0158      1.580011         50314      375     959.60  18-08-2026 16:33:14
Part_0159      1.590009         50709      395    1100.88  18-08-2026 16:33:24
Part_0160      1.600020         51118      409    1158.37  18-08-2026 16:33:34
Part_0161      1.610022         51497      379    1033.51  18-08-2026 16:33:44
Part_0162      1.620017         51847      350     825.37  18-08-2026 16:33:50
Part_0163      1.630026         52199      352     808.46  18-08-2026 16:33:56
Part_0164      1.640013         52545      346     814.58  18-08-2026 16:34:02
Part_0165      1.650018         52915      370     834.98  18-08-2026 16:34:08
Part_0166      1.660005         53292      377     874.89  18-08-2026 16:34:15
Part_0167      1.670004         53641      349     809.65  18-08-2026 16:34:21
Part_0168      1.680027         53995      354     803.28  18-08-2026 16:34:27
Part_0169      1.690018         54351      356     849.81  18-08-2026 16:34:34
Part_0170      1.700028         54714      363     824.59  18-08-2026 16:34:39
Part_0171      1.710018         55076      362     805.40  18-08-2026 16:34:45
Part_0172      1.720024         55445      369     910.79  18-08-2026 16:34:52
Part_0173      1.730014         55777      332     789.90  18-08-2026 16:34:57
Part_0174      1.740022         56078      301     695.88  18-08-2026 16:35:01
Part_0175      1.750012         56379      301     698.00  18-08-2026 16:35:05
Part_0176      1.760022         56686      307     691.47  18-08-2026 16:35:09
Part_0177      1.770015         56993      307     709.24  18-08-2026 16:35:14
Part_0178      1.780026         57298      305     682.73  18-08-2026 16:35:17
Part_0179      1.790025         57605      307     701.69  18-08-2026 16:35:21
Part_0180      1.800001         57908      303     687.84  18-08-2026 16:35:25
Part_0181      1.810013         58212      304     695.78  18-08-2026 16:35:29
Part_0182      1.820020         58516      304     678.08  18-08-2026 16:35:32
Part_0183      1.830015         58823      307     652.60  18-08-2026 16:35:36
Part_0184      1.840008         59129      306     684.00  18-08-2026 16:35:40
Part_0185      1.850012         59434      305     654.83  18-08-2026 16:35:42
Part_0186      1.860020         59739      305     648.81  18-08-2026 16:35:46
Part_0187      1.870028         60041      302     673.27  18-08-2026 16:35:49
Part_0188      1.880018         60347      306     675.94  18-08-2026 16:35:52
Part_0189      1.890002         60652      305     651.62  18-08-2026 16:35:56
Part_0190      1.900011         60956      304     653.56  18-08-2026 16:35:58
Part_0191      1.910015         61262      306     652.72  18-08-2026 16:36:02
Part_0192      1.920002         61572      310     659.09  18-08-2026 16:36:05
Part_0193      1.930024         61879      307     654.50  18-08-2026 16:36:07
Part_0194      1.940006         62187      308     669.04  18-08-2026 16:36:11
Part_0195      1.950003         62493      306     669.06  18-08-2026 16:36:13
Part_0196      1.960001         62801      308     674.78  18-08-2026 16:36:17
Part_0197      1.970002         63110      309     664.81  18-08-2026 16:36:20
Part_0198      1.980005         63416      306     753.24  18-08-2026 16:36:23
Part_0199      1.990031         63730      314     759.32  18-08-2026 16:36:27
Part_0200      2.000007         64043      313     766.08  18-08-2026 16:36:32

[Simulation finished  18-08-2026 16:36:32]
Particles of simulation (initial): 4489
DTs adjusted to DtMin............: 0
Excluded particles...............: 5
Total Runtime....................: 764.869385 sec.
Simulation Runtime...............: 764.779175 sec.
Runtime per physical second......: 382.388184 sec.
Steps per second.................: 83.740509
Steps of simulation..............: 64043
PART files.......................: 201
Maximum number of particles......: 4489
Maximum number of cells..........: 4118
CPU Memory.......................: 481418 (0.46 MB)
GPU Memory.......................: 1257233 (1.20 MB)
 
[GPU Timers]
VA-Init..........................: 0.090110 sec.
NL-Limits........................: 38.698032 sec.
NL-PreSort.......................: 23.735447 sec.
NL-RadixSort.....................: 44.988644 sec.
NL-CellBegin.....................: 42.541100 sec.
NL-SortData......................: 36.874653 sec.
NL-OutCheck......................: 0.447121 sec.
CF-PreForces.....................: 69.859642 sec.
CF-Forces........................: 156.226257 sec.
SU-Shifting......................: 0.000000 sec.
SU-ComputeStep...................: 36.163490 sec.
SU-Floating......................: 24.533657 sec.
SU-Motion........................: 0.000000 sec.
SU-Periodic......................: 0.000000 sec.
SU-ResizeNp......................: 0.000000 sec.
SU-DownData......................: 0.148681 sec.
SU-SavePart......................: 1.588394 sec.
SU-Chrono........................: 182.672668 sec.
SU-BoundCorr.....................: 0.000000 sec.
SU-InOut.........................: 0.000000 sec.
 
[Output files]
- CfgChrono_Scheme.vtk.......: Saves VTK file with scheme of Chrono objects and links between objects.
- CfgInit_Domain.vtk.........: Saves the limits of the case and the simulation domain limits.
- CfgInit_MapCells.vtk.......: Saves the cell division of the simulation domain.
- Run.csv....................: One line CSV file with execution parameters and other simulation data.
- Run.out....................: Log file of the simulation.
- chrono_objs/XXXX_mkXXXX.obj: Geometry files used for Chrono interaction.
- data/PartFloat.fbi4........: Binary file with floating body information for each instant (input for FloatingInfo program).
- data/PartInfo.ibi4.........: Binary file with execution information for each instant (input for PartInfo program).
- data/PartOut_???.obi4......: Binary file with particles excluded during simulation (input for PartVtkOut program).
- data/Part_????.bi4.........: Binary file with particle data in different instants.
- data/Part_Head.ibi4........: Binary file with basic information of simulation data.
 
[WARNINGS]
1. You are running non-Newtonian formulations using artificial viscosity.
 

Finished execution (code=0).

