

 <GENCASE>  Copyright (c) 2020 by Dr Jose M. Dominguez
 All rights reserved.

 DualSPHysics is an international collaboration between University of Vigo 
 (Spain) and University of Manchester (UK). 

 Redistribution and use in source and binary forms, with or without
 modification, are permitted provided that the following conditions
 are met:
 * Redistributions of source code must retain the above copyright
   notice, this list of conditions and the following disclaimer.
 * Redistributions in binary form must reproduce the above copyright
   notice, this list of conditions and the following disclaimer in the
   documentation and/or other materials provided with the distribution.
 * Neither the name of the DualSPHysics nor the names of its contributors
   may be used to endorse or promote products derived from this software
   without specific prior written permission.

 THIS SOFTWARE IS PROVIDED BY THE COPYRIGHT HOLDERS AND CONTRIBUTORS "AS IS"
 AND ANY EXPRESS OR IMPLIED WARRANTIES, INCLUDING, BUT NOT LIMITED TO, THE
 IMPLIED WARRANTIES OF MERCHANTABILITY AND FITNESS FOR A PARTICULAR PURPOSE
 ARE DISCLAIMED. IN NO EVENT SHALL THE COPYRIGHT OWNER BE LIABLE FOR ANY
 DIRECT, INDIRECT, INCIDENTAL, SPECIAL, EXEMPLARY, OR CONSEQUENTIAL DAMAGES
 (INCLUDING, BUT NOT LIMITED TO, PROCUREMENT OF SUBSTITUTE GOODS OR SERVICES;
 LOSS OF USE, DATA, OR PROFITS; OR BUSINESS INTERRUPTION) HOWEVER CAUSED AND
 ON ANY THEORY OF LIABILITY, WHETHER IN CONTRACT, STRICT LIABILITY, OR TORT
 (INCLUDING NEGLIGENCE OR OTHERWISE) ARISING IN ANY WAY OUT OF THE USE OF
 THIS SOFTWARE, EVEN IF ADVISED OF THE POSSIBILITY OF SUCH DAMAGE. 


GenCase v5.0.222 (16-11-2020) 
===============================
OmpThreads: 16

[LoadXMLInit]
List: MAIN

Total operations: 7
[LoadXMLInit-End  time:0.006s]

[Draw]
List of available variables: Gravity_x=[0]  Gravity_y=[0]  Gravity_z=[-9.81]  Rhop0=[1800]  Dp=[0.14]  PosMin_x=[-1]  PosMin_y=[0]  PosMin_z=[-1]  PosMax_x=[100.5]  PosMax_y=[0]  PosMax_z=[31.5]  CaseName=["Case_Def"]  Data2D=[1]  Data2DPosy=[0]  H=[0.19799]  MassBound=[35.28]  MassFluid=[35.28]

Mk size: 1 bytes
Case limits: (-1,0,-1) - (100.5,0,31.5)
Distance between points (Dp): 0.14
Case domain: (0,0,0)-(723,0,231)
Domain points: 724 x 1 x 232 = 167968
Case parts: 1 x 232z
Memory: 0.00Gb 0.16Mb (167968)

> MAIN
FileShapes> _Dp.vtk  shapes:5  points:8   (time:0.017s)
<MAIN (Operations= 5+2+1 = 8)

Triangles: 26 (0 ignored)
[Draw-End  time:0.028s]

[LoadsXMLConfig]
Execution parameters.
Initials configuration.
Floating bodies configuration.
Properties configuration.
Predefined motion configuration.
[LoadsXMLConfig-End  time:0.002s]

[PreparePoints]
Computing Vtk-Cells data...  (time:0.003s)
BitSizeTot: 20 (1 + 10+1+8)
Points loaded: 23078
Sorting points by Z...
Sorting points by Mk...

List of Points:
Points -> Fixed-Boundary particles:
  block[  0] (mk: 10):    818  -->     818
Points -> Fluid particles:
  block[  1] (mk:  1):  22260  -->   22260

Particle summary:
  Fixed....: 818  id:(0-817)   MKs:1 (10)
  Moving...: 0
  Floating.: 0
  Fluid....: 22260  id:(818-23077)   MKs:1 (1)

Total particles: 23078 (bound=818 (fx=818 mv=0 ft=0) fluid=22260)
Total MK blocks: 2 (bound=1 (fx=1 mv=0 ft=0) fluid=1)

Maximum depth: 29.54 (automatic)
Speed of system: 1 (fixed)
Speed of sound: max(coefsound*speedsystem,10*sqrt(g*depth))
Speed of sound: 170.231 max(20,170.231)
Speed of sound: 170.231 (automatic)

Coefh:1.000000 (hdp:1.414214)

[PreparePoints-End  time:0.013s]

[SaveCase2D]
/mnt/c/Users/yzhao52/OneDrive - University of Nebraska/Student Research/Undergraduates research/AI-agent DualSPHysics Debris Flow/agent_v1/Github/dualsphysics-maf/runs/run_20260818_000838/out/Case_Def_MkCells.vtk  (time:0.006s, shapes:3, points:12)
/mnt/c/Users/yzhao52/OneDrive - University of Nebraska/Student Research/Undergraduates research/AI-agent DualSPHysics Debris Flow/agent_v1/Github/dualsphysics-maf/runs/run_20260818_000838/out/Case_Def.bi4<double>  (time:0.016s)
/mnt/c/Users/yzhao52/OneDrive - University of Nebraska/Student Research/Undergraduates research/AI-agent DualSPHysics Debris Flow/agent_v1/Github/dualsphysics-maf/runs/run_20260818_000838/out/Case_Def_All.vtk  (time: 0.018s)
/mnt/c/Users/yzhao52/OneDrive - University of Nebraska/Student Research/Undergraduates research/AI-agent DualSPHysics Debris Flow/agent_v1/Github/dualsphysics-maf/runs/run_20260818_000838/out/Case_Def_Bound.vtk  (time: 0.008s)
/mnt/c/Users/yzhao52/OneDrive - University of Nebraska/Student Research/Undergraduates research/AI-agent DualSPHysics Debris Flow/agent_v1/Github/dualsphysics-maf/runs/run_20260818_000838/out/Case_Def_Fluid.vtk  (time: 0.018s)
/mnt/c/Users/yzhao52/OneDrive - University of Nebraska/Student Research/Undergraduates research/AI-agent DualSPHysics Debris Flow/agent_v1/Github/dualsphysics-maf/runs/run_20260818_000838/out/Case_Def.xml  (time:0.011s)

Save files time: 0.077s

Particle limits:
  X range: -0.02 to 99.52 [m]
  Y range: 0 to 0 [m]
  Z range: -0.02 to 29.52 [m]

[SaveCase2D-End  time:0.082s]


Finished execution (code=0).

